Remove WireGuard peer\(s\) from /etc/systemd/network/90-wireguard.netdev
Enter PublicKey/Hostname/IPAddress: \[WireGuardPeer\]
# peer without "Added"-line
PublicKey = iCJSbobpCRHCG2/WP9D1/viGlv\+WrNpWtd1XkRzyrFs=
AllowedIPs = 172\.16\.1\.2/32

Remove this configuration from /etc/systemd/network/90-wireguard.netdev\? \[y/N\] Remove another peer\? \[y/N\] 
