\[NetDev\]
Name = wg0

\[WireGuardPeer\]
# peer1
# Added by wolle at 2020-03-01
PublicKey = aWosQEdndReq6diLeGq2BKKl0fFGA7v/3Qbwu9pbYxg=
AllowedIPs = 172\.16\.1\.1/32

\[WireGuardPeer\]
# peer3
# Added by [[:alnum:]_-]+ at [0-9]{4}-[0-9]{2}-[0-9]{2}
PublicKey = sumgkcdEO3HytLakj3eFdiYU7V0GKANDdIMDLNHxl1c=
AllowedIPs = 172\.16\.1\.3/32

