Remove WireGuard peer\(s\) from /etc/systemd/network/90-wireguard.netdev
Enter PublicKey/Hostname/IPAddress: No peer matching the search string was found!
Remove another peer\? \[y/N\] 
