# wg0

\[Peer\]
# peer2
# Added by [[:alnum:]_-]+ at [0-9]{4}-[0-9]{2}-[0-9]{2}
PublicKey = iCJSbobpCRHCG2/WP9D1/viGlv\+WrNpWtd1XkRzyrFs=
AllowedIPs = 172\.16\.1\.2/32

