Error: Could not find interface from file /etc/systemd/network/90-wireguard\.netdev!
