# wg0

\[Peer\]
# peer1
# Added by wolle at 2020-03-01
PublicKey = aWosQEdndReq6diLeGq2BKKl0fFGA7v/3Qbwu9pbYxg=
AllowedIPs = 172\.16\.1\.1/32

