Could not find backing config file for wg0! Do you have permissions to read it\?
