Add WireGuard peer\(s\) to /etc/systemd/network/90-wireguard.netdev
Name: PublicKey: AllowedIPs: 
\[WireGuardPeer\]
# peer2
# Added by [[:alnum:]_-]+ at [0-9]{4}-[0-9]{2}-[0-9]{2}
PublicKey = iCJSbobpCRHCG2/WP9D1/viGlv\+WrNpWtd1XkRzyrFs=
AllowedIPs = 172\.16\.1\.2/32

Add another peer\? \[y/N\] Name: PublicKey: AllowedIPs: 
\[WireGuardPeer\]
# peer3
# Added by [[:alnum:]_-]+ at [0-9]{4}-[0-9]{2}-[0-9]{2}
PublicKey = sumgkcdEO3HytLakj3eFdiYU7V0GKANDdIMDLNHxl1c=
AllowedIPs = 172\.16\.1\.3/32

Add another peer\? \[y/N\] 
