Add WireGuard peer\(s\) to /etc/wireguard/wg0.conf
Name: A peer with this Name already exists!
Name: 
