Add WireGuard peer\(s\) to /etc/systemd/network/90-wireguard.netdev
Name: PublicKey: AllowedIPs: A peer with this AllowedIPs already exists!
Name: 
