Add WireGuard peer\(s\) to /etc/systemd/network/90-wireguard.netdev
Name: PublicKey: A peer with this PublicKey already exists!
Name: 
